Exception in thread "main" java.lang.StackOverflowError
	at entity.types.TypeFire.<init>(TypeFire.java:7)
	at entity.types.TypeWater.<init>(TypeWater.java:8)
	at entity.types.TypeElectric.<init>(TypeElectric.java:7)
	at entity.types.TypeEarth.<init>(TypeEarth.java:7)
	at entity.types.TypeNature.<init>(TypeNature.java:5)
	at entity.types.TypeFire.<init>(TypeFire.java:7)
	at entity.types.TypeWater.<init>(TypeWater.java:8)
	at entity.types.TypeElectric.<init>(TypeElectric.java:7)
	at entity.types.TypeEarth.<init>(TypeEarth.java:7)
	at entity.types.TypeNature.<init>(TypeNature.java:5)
	at entity.types.TypeFire.<init>(TypeFire.java:7)
	at entity.types.TypeWater.<init>(TypeWater.java:8)
	at entity.types.TypeElectric.<init>(TypeElectric.java:7)
	at entity.types.TypeEarth.<init>(TypeEarth.java:7)
	at entity.types.TypeNature.<init>(TypeNature.java:5)
	at entity.types.TypeFire.<init>(TypeFire.java:7)
	at entity.types.TypeWater.<init>(TypeWater.java:8)
	at entity.types.TypeElectric.<init>(TypeElectric.java:7)
	at entity.types.TypeEarth.<init>(TypeEarth.java:7)
	at entity.types.TypeNature.<init>(TypeNature.java:5)
	at entity.types.TypeFire.<init>(TypeFire.java:7)
	at entity.types.TypeWater.<init>(TypeWater.java:8)
	at entity.types.TypeElectric.<init>(TypeElectric.java:7)
	at entity.types.TypeEarth.<init>(TypeEarth.java:7)
	at entity.types.TypeNature.<init>(TypeNature.java:5)
	at entity.types.TypeFire.<init>(TypeFire.java:7)
	at entity.types.TypeWater.<init>(TypeWater.java:8)
	at entity.types.TypeElectric.<init>(TypeElectric.java:7)
	at entity.types.TypeEarth.<init>(TypeEarth.java:7)
	at entity.types.TypeNature.<init>(TypeNature.java:5)
	at entity.types.TypeFire.<init>(TypeFire.java:7)
	at entity.types.TypeWater.<init>(TypeWater.java:8)
	at entity.types.TypeElectric.<init>(TypeElectric.java:7)
	at entity.types.TypeEarth.<init>(TypeEarth.java:7)
	at entity.types.TypeNature.<init>(TypeNature.java:5)
	at entity.types.TypeFire.<init>(TypeFire.java:7)
	at entity.types.TypeWater.<init>(TypeWater.java:8)
	at entity.types.TypeElectric.<init>(TypeElectric.java:7)
	at entity.types.TypeEarth.<init>(TypeEarth.java:7)
	at entity.types.TypeNature.<init>(TypeNature.java:5)
	at entity.types.TypeFire.<init>(TypeFire.java:7)
	at entity.types.TypeWater.<init>(TypeWater.java:8)
	at entity.types.TypeElectric.<init>(TypeElectric.java:7)
	at entity.types.TypeEarth.<init>(TypeEarth.java:7)
	at entity.types.TypeNature.<init>(TypeNature.java:5)
	at entity.types.TypeFire.<init>(TypeFire.java:7)
	at entity.types.TypeWater.<init>(TypeWater.java:8)
	at entity.types.TypeElectric.<init>(TypeElectric.java:7)
	at entity.types.TypeEarth.<init>(TypeEarth.java:7)
	at entity.types.TypeNature.<init>(TypeNature.java:5)
	at entity.types.TypeFire.<init>(TypeFire.java:7)
	at entity.types.TypeWater.<init>(TypeWater.java:8)
	at entity.types.TypeElectric.<init>(TypeElectric.java:7)
	at entity.types.TypeEarth.<init>(TypeEarth.java:7)
	at entity.types.TypeNature.<init>(TypeNature.java:5)
	at entity.types.TypeFire.<init>(TypeFire.java:7)
	at entity.types.TypeWater.<init>(TypeWater.java:8)
	at entity.types.TypeElectric.<init>(TypeElectric.java:7)
	at entity.types.TypeEarth.<init>(TypeEarth.java:7)
	at entity.types.TypeNature.<init>(TypeNature.java:5)
	at entity.types.TypeFire.<init>(TypeFire.java:7)
	at entity.types.TypeWater.<init>(TypeWater.java:8)
	at entity.types.TypeElectric.<init>(TypeElectric.java:7)
	at entity.types.TypeEarth.<init>(TypeEarth.java:7)
	at entity.types.TypeNature.<init>(TypeNature.java:5)
	at entity.types.TypeFire.<init>(TypeFire.java:7)
	at entity.types.TypeWater.<init>(TypeWater.java:8)
	at entity.types.TypeElectric.<init>(TypeElectric.java:7)
	at entity.types.TypeEarth.<init>(TypeEarth.java:7)
	at entity.types.TypeNature.<init>(TypeNature.java:5)
	at entity.types.TypeFire.<init>(TypeFire.java:7)
	at entity.types.TypeWater.<init>(TypeWater.java:8)
	at entity.types.TypeElectric.<init>(TypeElectric.java:7)
	at entity.types.TypeEarth.<init>(TypeEarth.java:7)
	at entity.types.TypeNature.<init>(TypeNature.java:5)
	at entity.types.TypeFire.<init>(TypeFire.java:7)
	at entity.types.TypeWater.<init>(TypeWater.java:8)
	at entity.types.TypeElectric.<init>(TypeElectric.java:7)
	at entity.types.TypeEarth.<init>(TypeEarth.java:7)
	at entity.types.TypeNature.<init>(TypeNature.java:5)
	at entity.types.TypeFire.<init>(TypeFire.java:7)
	at entity.types.TypeWater.<init>(TypeWater.java:8)
	at entity.types.TypeElectric.<init>(TypeElectric.java:7)
	at entity.types.TypeEarth.<init>(TypeEarth.java:7)
	at entity.types.TypeNature.<init>(TypeNature.java:5)
	at entity.types.TypeFire.<init>(TypeFire.java:7)
	at entity.types.TypeWater.<init>(TypeWater.java:8)
	at entity.types.TypeElectric.<init>(TypeElectric.java:7)
	at entity.types.TypeEarth.<init>(TypeEarth.java:7)
	at entity.types.TypeNature.<init>(TypeNature.java:5)
	at entity.types.TypeFire.<init>(TypeFire.java:7)
	at entity.types.TypeWater.<init>(TypeWater.java:8)
	at entity.types.TypeElectric.<init>(TypeElectric.java:7)
	at entity.types.TypeEarth.<init>(TypeEarth.java:7)
	at entity.types.TypeNature.<init>(TypeNature.java:5)
	at entity.types.TypeFire.<init>(TypeFire.java:7)
	at entity.types.TypeWater.<init>(TypeWater.java:8)
	at entity.types.TypeElectric.<init>(TypeElectric.java:7)
	at entity.types.TypeEarth.<init>(TypeEarth.java:7)
	at entity.types.TypeNature.<init>(TypeNature.java:5)
	at entity.types.TypeFire.<init>(TypeFire.java:7)
	at entity.types.TypeWater.<init>(TypeWater.java:8)
	at entity.types.TypeElectric.<init>(TypeElectric.java:7)
	at entity.types.TypeEarth.<init>(TypeEarth.java:7)
	at entity.types.TypeNature.<init>(TypeNature.java:5)
	at entity.types.TypeFire.<init>(TypeFire.java:7)
	at entity.types.TypeWater.<init>(TypeWater.java:8)
	at entity.types.TypeElectric.<init>(TypeElectric.java:7)
	at entity.types.TypeEarth.<init>(TypeEarth.java:7)
	at entity.types.TypeNature.<init>(TypeNature.java:5)
	at entity.types.TypeFire.<init>(TypeFire.java:7)
	at entity.types.TypeWater.<init>(TypeWater.java:8)
	at entity.types.TypeElectric.<init>(TypeElectric.java:7)
	at entity.types.TypeEarth.<init>(TypeEarth.java:7)
	at entity.types.TypeNature.<init>(TypeNature.java:5)
	at entity.types.TypeFire.<init>(TypeFire.java:7)
	at entity.types.TypeWater.<init>(TypeWater.java:8)
	at entity.types.TypeElectric.<init>(TypeElectric.java:7)
	at entity.types.TypeEarth.<init>(TypeEarth.java:7)
	at entity.types.TypeNature.<init>(TypeNature.java:5)
	at entity.types.TypeFire.<init>(TypeFire.java:7)
	at entity.types.TypeWater.<init>(TypeWater.java:8)
	at entity.types.TypeElectric.<init>(TypeElectric.java:7)
	at entity.types.TypeEarth.<init>(TypeEarth.java:7)
	at entity.types.TypeNature.<init>(TypeNature.java:5)
	at entity.types.TypeFire.<init>(TypeFire.java:7)
	at entity.types.TypeWater.<init>(TypeWater.java:8)
	at entity.types.TypeElectric.<init>(TypeElectric.java:7)
	at entity.types.TypeEarth.<init>(TypeEarth.java:7)
	at entity.types.TypeNature.<init>(TypeNature.java:5)
	at entity.types.TypeFire.<init>(TypeFire.java:7)
	at entity.types.TypeWater.<init>(TypeWater.java:8)
	at entity.types.TypeElectric.<init>(TypeElectric.java:7)
	at entity.types.TypeEarth.<init>(TypeEarth.java:7)
	at entity.types.TypeNature.<init>(TypeNature.java:5)
	at entity.types.TypeFire.<init>(TypeFire.java:7)
	at entity.types.TypeWater.<init>(TypeWater.java:8)
	at entity.types.TypeElectric.<init>(TypeElectric.java:7)
	at entity.types.TypeEarth.<init>(TypeEarth.java:7)
	at entity.types.TypeNature.<init>(TypeNature.java:5)
	at entity.types.TypeFire.<init>(TypeFire.java:7)
	at entity.types.TypeWater.<init>(TypeWater.java:8)
	at entity.types.TypeElectric.<init>(TypeElectric.java:7)
	at entity.types.TypeEarth.<init>(TypeEarth.java:7)
	at entity.types.TypeNature.<init>(TypeNature.java:5)
	at entity.types.TypeFire.<init>(TypeFire.java:7)
	at entity.types.TypeWater.<init>(TypeWater.java:8)
	at entity.types.TypeElectric.<init>(TypeElectric.java:7)
	at entity.types.TypeEarth.<init>(TypeEarth.java:7)
	at entity.types.TypeNature.<init>(TypeNature.java:5)
	at entity.types.TypeFire.<init>(TypeFire.java:7)
	at entity.types.TypeWater.<init>(TypeWater.java:8)
	at entity.types.TypeElectric.<init>(TypeElectric.java:7)
	at entity.types.TypeEarth.<init>(TypeEarth.java:7)
	at entity.types.TypeNature.<init>(TypeNature.java:5)
	at entity.types.TypeFire.<init>(TypeFire.java:7)
	at entity.types.TypeWater.<init>(TypeWater.java:8)
	at entity.types.TypeElectric.<init>(TypeElectric.java:7)
	at entity.types.TypeEarth.<init>(TypeEarth.java:7)
	at entity.types.TypeNature.<init>(TypeNature.java:5)
	at entity.types.TypeFire.<init>(TypeFire.java:7)
	at entity.types.TypeWater.<init>(TypeWater.java:8)
	at entity.types.TypeElectric.<init>(TypeElectric.java:7)
	at entity.types.TypeEarth.<init>(TypeEarth.java:7)
	at entity.types.TypeNature.<init>(TypeNature.java:5)
	at entity.types.TypeFire.<init>(TypeFire.java:7)
	at entity.types.TypeWater.<init>(TypeWater.java:8)
	at entity.types.TypeElectric.<init>(TypeElectric.java:7)
	at entity.types.TypeEarth.<init>(TypeEarth.java:7)
	at entity.types.TypeNature.<init>(TypeNature.java:5)
	at entity.types.TypeFire.<init>(TypeFire.java:7)
	at entity.types.TypeWater.<init>(TypeWater.java:8)
	at entity.types.TypeElectric.<init>(TypeElectric.java:7)
	at entity.types.TypeEarth.<init>(TypeEarth.java:7)
	at entity.types.TypeNature.<init>(TypeNature.java:5)
	at entity.types.TypeFire.<init>(TypeFire.java:7)
	at entity.types.TypeWater.<init>(TypeWater.java:8)
	at entity.types.TypeElectric.<init>(TypeElectric.java:7)
	at entity.types.TypeEarth.<init>(TypeEarth.java:7)
	at entity.types.TypeNature.<init>(TypeNature.java:5)
	at entity.types.TypeFire.<init>(TypeFire.java:7)
	at entity.types.TypeWater.<init>(TypeWater.java:8)
	at entity.types.TypeElectric.<init>(TypeElectric.java:7)
	at entity.types.TypeEarth.<init>(TypeEarth.java:7)
	at entity.types.TypeNature.<init>(TypeNature.java:5)
	at entity.types.TypeFire.<init>(TypeFire.java:7)
	at entity.types.TypeWater.<init>(TypeWater.java:8)
	at entity.types.TypeElectric.<init>(TypeElectric.java:7)
	at entity.types.TypeEarth.<init>(TypeEarth.java:7)
	at entity.types.TypeNature.<init>(TypeNature.java:5)
	at entity.types.TypeFire.<init>(TypeFire.java:7)
	at entity.types.TypeWater.<init>(TypeWater.java:8)
	at entity.types.TypeElectric.<init>(TypeElectric.java:7)
	at entity.types.TypeEarth.<init>(TypeEarth.java:7)
	at entity.types.TypeNature.<init>(TypeNature.java:5)
	at entity.types.TypeFire.<init>(TypeFire.java:7)
	at entity.types.TypeWater.<init>(TypeWater.java:8)
	at entity.types.TypeElectric.<init>(TypeElectric.java:7)
	at entity.types.TypeEarth.<init>(TypeEarth.java:7)
	at entity.types.TypeNature.<init>(TypeNature.java:5)
	at entity.types.TypeFire.<init>(TypeFire.java:7)
	at entity.types.TypeWater.<init>(TypeWater.java:8)
	at entity.types.TypeElectric.<init>(TypeElectric.java:7)
	at entity.types.TypeEarth.<init>(TypeEarth.java:7)
	at entity.types.TypeNature.<init>(TypeNature.java:5)
	at entity.types.TypeFire.<init>(TypeFire.java:7)
	at entity.types.TypeWater.<init>(TypeWater.java:8)
	at entity.types.TypeElectric.<init>(TypeElectric.java:7)
	at entity.types.TypeEarth.<init>(TypeEarth.java:7)
	at entity.types.TypeNature.<init>(TypeNature.java:5)
	at entity.types.TypeFire.<init>(TypeFire.java:7)
	at entity.types.TypeWater.<init>(TypeWater.java:8)
	at entity.types.TypeElectric.<init>(TypeElectric.java:7)
	at entity.types.TypeEarth.<init>(TypeEarth.java:7)
	at entity.types.TypeNature.<init>(TypeNature.java:5)
	at entity.types.TypeFire.<init>(TypeFire.java:7)
	at entity.types.TypeWater.<init>(TypeWater.java:8)
	at entity.types.TypeElectric.<init>(TypeElectric.java:7)
	at entity.types.TypeEarth.<init>(TypeEarth.java:7)
	at entity.types.TypeNature.<init>(TypeNature.java:5)
	at entity.types.TypeFire.<init>(TypeFire.java:7)
	at entity.types.TypeWater.<init>(TypeWater.java:8)
	at entity.types.TypeElectric.<init>(TypeElectric.java:7)
	at entity.types.TypeEarth.<init>(TypeEarth.java:7)
	at entity.types.TypeNature.<init>(TypeNature.java:5)
	at entity.types.TypeFire.<init>(TypeFire.java:7)
	at entity.types.TypeWater.<init>(TypeWater.java:8)
	at entity.types.TypeElectric.<init>(TypeElectric.java:7)
	at entity.types.TypeEarth.<init>(TypeEarth.java:7)
	at entity.types.TypeNature.<init>(TypeNature.java:5)
	at entity.types.TypeFire.<init>(TypeFire.java:7)
	at entity.types.TypeWater.<init>(TypeWater.java:8)
	at entity.types.TypeElectric.<init>(TypeElectric.java:7)
	at entity.types.TypeEarth.<init>(TypeEarth.java:7)
	at entity.types.TypeNature.<init>(TypeNature.java:5)
	at entity.types.TypeFire.<init>(TypeFire.java:7)
	at entity.types.TypeWater.<init>(TypeWater.java:8)
	at entity.types.TypeElectric.<init>(TypeElectric.java:7)
	at entity.types.TypeEarth.<init>(TypeEarth.java:7)
	at entity.types.TypeNature.<init>(TypeNature.java:5)
	at entity.types.TypeFire.<init>(TypeFire.java:7)
	at entity.types.TypeWater.<init>(TypeWater.java:8)
	at entity.types.TypeElectric.<init>(TypeElectric.java:7)
	at entity.types.TypeEarth.<init>(TypeEarth.java:7)
	at entity.types.TypeNature.<init>(TypeNature.java:5)
	at entity.types.TypeFire.<init>(TypeFire.java:7)
	at entity.types.TypeWater.<init>(TypeWater.java:8)
	at entity.types.TypeElectric.<init>(TypeElectric.java:7)
	at entity.types.TypeEarth.<init>(TypeEarth.java:7)
	at entity.types.TypeNature.<init>(TypeNature.java:5)
	at entity.types.TypeFire.<init>(TypeFire.java:7)
	at entity.types.TypeWater.<init>(TypeWater.java:8)
	at entity.types.TypeElectric.<init>(TypeElectric.java:7)
	at entity.types.TypeEarth.<init>(TypeEarth.java:7)
	at entity.types.TypeNature.<init>(TypeNature.java:5)
	at entity.types.TypeFire.<init>(TypeFire.java:7)
	at entity.types.TypeWater.<init>(TypeWater.java:8)
	at entity.types.TypeElectric.<init>(TypeElectric.java:7)
	at entity.types.TypeEarth.<init>(TypeEarth.java:7)
	at entity.types.TypeNature.<init>(TypeNature.java:5)
	at entity.types.TypeFire.<init>(TypeFire.java:7)
	at entity.types.TypeWater.<init>(TypeWater.java:8)
	at entity.types.TypeElectric.<init>(TypeElectric.java:7)
	at entity.types.TypeEarth.<init>(TypeEarth.java:7)
	at entity.types.TypeNature.<init>(TypeNature.java:5)
	at entity.types.TypeFire.<init>(TypeFire.java:7)
	at entity.types.TypeWater.<init>(TypeWater.java:8)
	at entity.types.TypeElectric.<init>(TypeElectric.java:7)
	at entity.types.TypeEarth.<init>(TypeEarth.java:7)
	at entity.types.TypeNature.<init>(TypeNature.java:5)
	at entity.types.TypeFire.<init>(TypeFire.java:7)
	at entity.types.TypeWater.<init>(TypeWater.java:8)
	at entity.types.TypeElectric.<init>(TypeElectric.java:7)
	at entity.types.TypeEarth.<init>(TypeEarth.java:7)
	at entity.types.TypeNature.<init>(TypeNature.java:5)
	at entity.types.TypeFire.<init>(TypeFire.java:7)
	at entity.types.TypeWater.<init>(TypeWater.java:8)
	at entity.types.TypeElectric.<init>(TypeElectric.java:7)
	at entity.types.TypeEarth.<init>(TypeEarth.java:7)
	at entity.types.TypeNature.<init>(TypeNature.java:5)
	at entity.types.TypeFire.<init>(TypeFire.java:7)
	at entity.types.TypeWater.<init>(TypeWater.java:8)
	at entity.types.TypeElectric.<init>(TypeElectric.java:7)
	at entity.types.TypeEarth.<init>(TypeEarth.java:7)
	at entity.types.TypeNature.<init>(TypeNature.java:5)
	at entity.types.TypeFire.<init>(TypeFire.java:7)
	at entity.types.TypeWater.<init>(TypeWater.java:8)
	at entity.types.TypeElectric.<init>(TypeElectric.java:7)
	at entity.types.TypeEarth.<init>(TypeEarth.java:7)
	at entity.types.TypeNature.<init>(TypeNature.java:5)
	at entity.types.TypeFire.<init>(TypeFire.java:7)
	at entity.types.TypeWater.<init>(TypeWater.java:8)
	at entity.types.TypeElectric.<init>(TypeElectric.java:7)
	at entity.types.TypeEarth.<init>(TypeEarth.java:7)
	at entity.types.TypeNature.<init>(TypeNature.java:5)
	at entity.types.TypeFire.<init>(TypeFire.java:7)
	at entity.types.TypeWater.<init>(TypeWater.java:8)
	at entity.types.TypeElectric.<init>(TypeElectric.java:7)
	at entity.types.TypeEarth.<init>(TypeEarth.java:7)
	at entity.types.TypeNature.<init>(TypeNature.java:5)
	at entity.types.TypeFire.<init>(TypeFire.java:7)
	at entity.types.TypeWater.<init>(TypeWater.java:8)
	at entity.types.TypeElectric.<init>(TypeElectric.java:7)
	at entity.types.TypeEarth.<init>(TypeEarth.java:7)
	at entity.types.TypeNature.<init>(TypeNature.java:5)
	at entity.types.TypeFire.<init>(TypeFire.java:7)
	at entity.types.TypeWater.<init>(TypeWater.java:8)
	at entity.types.TypeElectric.<init>(TypeElectric.java:7)
	at entity.types.TypeEarth.<init>(TypeEarth.java:7)
	at entity.types.TypeNature.<init>(TypeNature.java:5)
	at entity.types.TypeFire.<init>(TypeFire.java:7)
	at entity.types.TypeWater.<init>(TypeWater.java:8)
	at entity.types.TypeElectric.<init>(TypeElectric.java:7)
	at entity.types.TypeEarth.<init>(TypeEarth.java:7)
	at entity.types.TypeNature.<init>(TypeNature.java:5)
	at entity.types.TypeFire.<init>(TypeFire.java:7)
	at entity.types.TypeWater.<init>(TypeWater.java:8)
	at entity.types.TypeElectric.<init>(TypeElectric.java:7)
	at entity.types.TypeEarth.<init>(TypeEarth.java:7)
	at entity.types.TypeNature.<init>(TypeNature.java:5)
	at entity.types.TypeFire.<init>(TypeFire.java:7)
	at entity.types.TypeWater.<init>(TypeWater.java:8)
	at entity.types.TypeElectric.<init>(TypeElectric.java:7)
	at entity.types.TypeEarth.<init>(TypeEarth.java:7)
	at entity.types.TypeNature.<init>(TypeNature.java:5)
	at entity.types.TypeFire.<init>(TypeFire.java:7)
	at entity.types.TypeWater.<init>(TypeWater.java:8)
	at entity.types.TypeElectric.<init>(TypeElectric.java:7)
	at entity.types.TypeEarth.<init>(TypeEarth.java:7)
	at entity.types.TypeNature.<init>(TypeNature.java:5)
	at entity.types.TypeFire.<init>(TypeFire.java:7)
	at entity.types.TypeWater.<init>(TypeWater.java:8)
	at entity.types.TypeElectric.<init>(TypeElectric.java:7)
	at entity.types.TypeEarth.<init>(TypeEarth.java:7)
	at entity.types.TypeNature.<init>(TypeNature.java:5)
	at entity.types.TypeFire.<init>(TypeFire.java:7)
	at entity.types.TypeWater.<init>(TypeWater.java:8)
	at entity.types.TypeElectric.<init>(TypeElectric.java:7)
	at entity.types.TypeEarth.<init>(TypeEarth.java:7)
	at entity.types.TypeNature.<init>(TypeNature.java:5)
	at entity.types.TypeFire.<init>(TypeFire.java:7)
	at entity.types.TypeWater.<init>(TypeWater.java:8)
	at entity.types.TypeElectric.<init>(TypeElectric.java:7)
	at entity.types.TypeEarth.<init>(TypeEarth.java:7)
	at entity.types.TypeNature.<init>(TypeNature.java:5)
	at entity.types.TypeFire.<init>(TypeFire.java:7)
	at entity.types.TypeWater.<init>(TypeWater.java:8)
	at entity.types.TypeElectric.<init>(TypeElectric.java:7)
	at entity.types.TypeEarth.<init>(TypeEarth.java:7)
	at entity.types.TypeNature.<init>(TypeNature.java:5)
	at entity.types.TypeFire.<init>(TypeFire.java:7)
	at entity.types.TypeWater.<init>(TypeWater.java:8)
	at entity.types.TypeElectric.<init>(TypeElectric.java:7)
	at entity.types.TypeEarth.<init>(TypeEarth.java:7)
	at entity.types.TypeNature.<init>(TypeNature.java:5)
	at entity.types.TypeFire.<init>(TypeFire.java:7)
	at entity.types.TypeWater.<init>(TypeWater.java:8)
	at entity.types.TypeElectric.<init>(TypeElectric.java:7)
	at entity.types.TypeEarth.<init>(TypeEarth.java:7)
	at entity.types.TypeNature.<init>(TypeNature.java:5)
	at entity.types.TypeFire.<init>(TypeFire.java:7)
	at entity.types.TypeWater.<init>(TypeWater.java:8)
	at entity.types.TypeElectric.<init>(TypeElectric.java:7)
	at entity.types.TypeEarth.<init>(TypeEarth.java:7)
	at entity.types.TypeNature.<init>(TypeNature.java:5)
	at entity.types.TypeFire.<init>(TypeFire.java:7)
	at entity.types.TypeWater.<init>(TypeWater.java:8)
	at entity.types.TypeElectric.<init>(TypeElectric.java:7)
	at entity.types.TypeEarth.<init>(TypeEarth.java:7)
	at entity.types.TypeNature.<init>(TypeNature.java:5)
	at entity.types.TypeFire.<init>(TypeFire.java:7)
	at entity.types.TypeWater.<init>(TypeWater.java:8)
	at entity.types.TypeElectric.<init>(TypeElectric.java:7)
	at entity.types.TypeEarth.<init>(TypeEarth.java:7)
	at entity.types.TypeNature.<init>(TypeNature.java:5)
	at entity.types.TypeFire.<init>(TypeFire.java:7)
	at entity.types.TypeWater.<init>(TypeWater.java:8)
	at entity.types.TypeElectric.<init>(TypeElectric.java:7)
	at entity.types.TypeEarth.<init>(TypeEarth.java:7)
	at entity.types.TypeNature.<init>(TypeNature.java:5)
	at entity.types.TypeFire.<init>(TypeFire.java:7)
	at entity.types.TypeWater.<init>(TypeWater.java:8)
	at entity.types.TypeElectric.<init>(TypeElectric.java:7)
	at entity.types.TypeEarth.<init>(TypeEarth.java:7)
	at entity.types.TypeNature.<init>(TypeNature.java:5)
	at entity.types.TypeFire.<init>(TypeFire.java:7)
	at entity.types.TypeWater.<init>(TypeWater.java:8)
	at entity.types.TypeElectric.<init>(TypeElectric.java:7)
	at entity.types.TypeEarth.<init>(TypeEarth.java:7)
	at entity.types.TypeNature.<init>(TypeNature.java:5)
	at entity.types.TypeFire.<init>(TypeFire.java:7)
	at entity.types.TypeWater.<init>(TypeWater.java:8)
	at entity.types.TypeElectric.<init>(TypeElectric.java:7)
	at entity.types.TypeEarth.<init>(TypeEarth.java:7)
	at entity.types.TypeNature.<init>(TypeNature.java:5)
	at entity.types.TypeFire.<init>(TypeFire.java:7)
	at entity.types.TypeWater.<init>(TypeWater.java:8)
	at entity.types.TypeElectric.<init>(TypeElectric.java:7)
	at entity.types.TypeEarth.<init>(TypeEarth.java:7)
	at entity.types.TypeNature.<init>(TypeNature.java:5)
	at entity.types.TypeFire.<init>(TypeFire.java:7)
	at entity.types.TypeWater.<init>(TypeWater.java:8)
	at entity.types.TypeElectric.<init>(TypeElectric.java:7)
	at entity.types.TypeEarth.<init>(TypeEarth.java:7)
	at entity.types.TypeNature.<init>(TypeNature.java:5)
	at entity.types.TypeFire.<init>(TypeFire.java:7)
	at entity.types.TypeWater.<init>(TypeWater.java:8)
	at entity.types.TypeElectric.<init>(TypeElectric.java:7)
	at entity.types.TypeEarth.<init>(TypeEarth.java:7)
	at entity.types.TypeNature.<init>(TypeNature.java:5)
	at entity.types.TypeFire.<init>(TypeFire.java:7)
	at entity.types.TypeWater.<init>(TypeWater.java:8)
	at entity.types.TypeElectric.<init>(TypeElectric.java:7)
	at entity.types.TypeEarth.<init>(TypeEarth.java:7)
	at entity.types.TypeNature.<init>(TypeNature.java:5)
	at entity.types.TypeFire.<init>(TypeFire.java:7)
	at entity.types.TypeWater.<init>(TypeWater.java:8)
	at entity.types.TypeElectric.<init>(TypeElectric.java:7)
	at entity.types.TypeEarth.<init>(TypeEarth.java:7)
	at entity.types.TypeNature.<init>(TypeNature.java:5)
	at entity.types.TypeFire.<init>(TypeFire.java:7)
	at entity.types.TypeWater.<init>(TypeWater.java:8)
	at entity.types.TypeElectric.<init>(TypeElectric.java:7)
	at entity.types.TypeEarth.<init>(TypeEarth.java:7)
	at entity.types.TypeNature.<init>(TypeNature.java:5)
	at entity.types.TypeFire.<init>(TypeFire.java:7)
	at entity.types.TypeWater.<init>(TypeWater.java:8)
	at entity.types.TypeElectric.<init>(TypeElectric.java:7)
	at entity.types.TypeEarth.<init>(TypeEarth.java:7)
	at entity.types.TypeNature.<init>(TypeNature.java:5)
	at entity.types.TypeFire.<init>(TypeFire.java:7)
	at entity.types.TypeWater.<init>(TypeWater.java:8)
	at entity.types.TypeElectric.<init>(TypeElectric.java:7)
	at entity.types.TypeEarth.<init>(TypeEarth.java:7)
	at entity.types.TypeNature.<init>(TypeNature.java:5)
	at entity.types.TypeFire.<init>(TypeFire.java:7)
	at entity.types.TypeWater.<init>(TypeWater.java:8)
	at entity.types.TypeElectric.<init>(TypeElectric.java:7)
	at entity.types.TypeEarth.<init>(TypeEarth.java:7)
	at entity.types.TypeNature.<init>(TypeNature.java:5)
	at entity.types.TypeFire.<init>(TypeFire.java:7)
	at entity.types.TypeWater.<init>(TypeWater.java:8)
	at entity.types.TypeElectric.<init>(TypeElectric.java:7)
	at entity.types.TypeEarth.<init>(TypeEarth.java:7)
	at entity.types.TypeNature.<init>(TypeNature.java:5)
	at entity.types.TypeFire.<init>(TypeFire.java:7)
	at entity.types.TypeWater.<init>(TypeWater.java:8)
	at entity.types.TypeElectric.<init>(TypeElectric.java:7)
	at entity.types.TypeEarth.<init>(TypeEarth.java:7)
	at entity.types.TypeNature.<init>(TypeNature.java:5)
	at entity.types.TypeFire.<init>(TypeFire.java:7)
	at entity.types.TypeWater.<init>(TypeWater.java:8)
	at entity.types.TypeElectric.<init>(TypeElectric.java:7)
	at entity.types.TypeEarth.<init>(TypeEarth.java:7)
	at entity.types.TypeNature.<init>(TypeNature.java:5)
	at entity.types.TypeFire.<init>(TypeFire.java:7)
	at entity.types.TypeWater.<init>(TypeWater.java:8)
	at entity.types.TypeElectric.<init>(TypeElectric.java:7)
	at entity.types.TypeEarth.<init>(TypeEarth.java:7)
	at entity.types.TypeNature.<init>(TypeNature.java:5)
	at entity.types.TypeFire.<init>(TypeFire.java:7)
	at entity.types.TypeWater.<init>(TypeWater.java:8)
	at entity.types.TypeElectric.<init>(TypeElectric.java:7)
	at entity.types.TypeEarth.<init>(TypeEarth.java:7)
	at entity.types.TypeNature.<init>(TypeNature.java:5)
	at entity.types.TypeFire.<init>(TypeFire.java:7)
	at entity.types.TypeWater.<init>(TypeWater.java:8)
	at entity.types.TypeElectric.<init>(TypeElectric.java:7)
	at entity.types.TypeEarth.<init>(TypeEarth.java:7)
	at entity.types.TypeNature.<init>(TypeNature.java:5)
	at entity.types.TypeFire.<init>(TypeFire.java:7)
	at entity.types.TypeWater.<init>(TypeWater.java:8)
	at entity.types.TypeElectric.<init>(TypeElectric.java:7)
	at entity.types.TypeEarth.<init>(TypeEarth.java:7)
	at entity.types.TypeNature.<init>(TypeNature.java:5)
	at entity.types.TypeFire.<init>(TypeFire.java:7)
	at entity.types.TypeWater.<init>(TypeWater.java:8)
	at entity.types.TypeElectric.<init>(TypeElectric.java:7)
	at entity.types.TypeEarth.<init>(TypeEarth.java:7)
	at entity.types.TypeNature.<init>(TypeNature.java:5)
	at entity.types.TypeFire.<init>(TypeFire.java:7)
	at entity.types.TypeWater.<init>(TypeWater.java:8)
	at entity.types.TypeElectric.<init>(TypeElectric.java:7)
	at entity.types.TypeEarth.<init>(TypeEarth.java:7)
	at entity.types.TypeNature.<init>(TypeNature.java:5)
	at entity.types.TypeFire.<init>(TypeFire.java:7)
	at entity.types.TypeWater.<init>(TypeWater.java:8)
	at entity.types.TypeElectric.<init>(TypeElectric.java:7)
	at entity.types.TypeEarth.<init>(TypeEarth.java:7)
	at entity.types.TypeNature.<init>(TypeNature.java:5)
	at entity.types.TypeFire.<init>(TypeFire.java:7)
	at entity.types.TypeWater.<init>(TypeWater.java:8)
	at entity.types.TypeElectric.<init>(TypeElectric.java:7)
	at entity.types.TypeEarth.<init>(TypeEarth.java:7)
	at entity.types.TypeNature.<init>(TypeNature.java:5)
	at entity.types.TypeFire.<init>(TypeFire.java:7)
	at entity.types.TypeWater.<init>(TypeWater.java:8)
	at entity.types.TypeElectric.<init>(TypeElectric.java:7)
	at entity.types.TypeEarth.<init>(TypeEarth.java:7)
	at entity.types.TypeNature.<init>(TypeNature.java:5)
	at entity.types.TypeFire.<init>(TypeFire.java:7)
	at entity.types.TypeWater.<init>(TypeWater.java:8)
	at entity.types.TypeElectric.<init>(TypeElectric.java:7)
	at entity.types.TypeEarth.<init>(TypeEarth.java:7)
	at entity.types.TypeNature.<init>(TypeNature.java:5)
	at entity.types.TypeFire.<init>(TypeFire.java:7)
	at entity.types.TypeWater.<init>(TypeWater.java:8)
	at entity.types.TypeElectric.<init>(TypeElectric.java:7)
	at entity.types.TypeEarth.<init>(TypeEarth.java:7)
	at entity.types.TypeNature.<init>(TypeNature.java:5)
	at entity.types.TypeFire.<init>(TypeFire.java:7)
	at entity.types.TypeWater.<init>(TypeWater.java:8)
	at entity.types.TypeElectric.<init>(TypeElectric.java:7)
	at entity.types.TypeEarth.<init>(TypeEarth.java:7)
	at entity.types.TypeNature.<init>(TypeNature.java:5)
	at entity.types.TypeFire.<init>(TypeFire.java:7)
	at entity.types.TypeWater.<init>(TypeWater.java:8)
	at entity.types.TypeElectric.<init>(TypeElectric.java:7)
	at entity.types.TypeEarth.<init>(TypeEarth.java:7)
	at entity.types.TypeNature.<init>(TypeNature.java:5)
	at entity.types.TypeFire.<init>(TypeFire.java:7)
	at entity.types.TypeWater.<init>(TypeWater.java:8)
	at entity.types.TypeElectric.<init>(TypeElectric.java:7)
	at entity.types.TypeEarth.<init>(TypeEarth.java:7)
	at entity.types.TypeNature.<init>(TypeNature.java:5)
	at entity.types.TypeFire.<init>(TypeFire.java:7)
	at entity.types.TypeWater.<init>(TypeWater.java:8)
	at entity.types.TypeElectric.<init>(TypeElectric.java:7)
	at entity.types.TypeEarth.<init>(TypeEarth.java:7)
	at entity.types.TypeNature.<init>(TypeNature.java:5)
	at entity.types.TypeFire.<init>(TypeFire.java:7)
	at entity.types.TypeWater.<init>(TypeWater.java:8)
	at entity.types.TypeElectric.<init>(TypeElectric.java:7)
	at entity.types.TypeEarth.<init>(TypeEarth.java:7)
	at entity.types.TypeNature.<init>(TypeNature.java:5)
	at entity.types.TypeFire.<init>(TypeFire.java:7)
	at entity.types.TypeWater.<init>(TypeWater.java:8)
	at entity.types.TypeElectric.<init>(TypeElectric.java:7)
	at entity.types.TypeEarth.<init>(TypeEarth.java:7)
	at entity.types.TypeNature.<init>(TypeNature.java:5)
	at entity.types.TypeFire.<init>(TypeFire.java:7)
	at entity.types.TypeWater.<init>(TypeWater.java:8)
	at entity.types.TypeElectric.<init>(TypeElectric.java:7)
	at entity.types.TypeEarth.<init>(TypeEarth.java:7)
	at entity.types.TypeNature.<init>(TypeNature.java:5)
	at entity.types.TypeFire.<init>(TypeFire.java:7)
	at entity.types.TypeWater.<init>(TypeWater.java:8)
	at entity.types.TypeElectric.<init>(TypeElectric.java:7)
	at entity.types.TypeEarth.<init>(TypeEarth.java:7)
	at entity.types.TypeNature.<init>(TypeNature.java:5)
	at entity.types.TypeFire.<init>(TypeFire.java:7)
	at entity.types.TypeWater.<init>(TypeWater.java:8)
	at entity.types.TypeElectric.<init>(TypeElectric.java:7)
	at entity.types.TypeEarth.<init>(TypeEarth.java:7)
	at entity.types.TypeNature.<init>(TypeNature.java:5)
	at entity.types.TypeFire.<init>(TypeFire.java:7)
	at entity.types.TypeWater.<init>(TypeWater.java:8)
	at entity.types.TypeElectric.<init>(TypeElectric.java:7)
	at entity.types.TypeEarth.<init>(TypeEarth.java:7)
	at entity.types.TypeNature.<init>(TypeNature.java:5)
	at entity.types.TypeFire.<init>(TypeFire.java:7)
	at entity.types.TypeWater.<init>(TypeWater.java:8)
	at entity.types.TypeElectric.<init>(TypeElectric.java:7)
	at entity.types.TypeEarth.<init>(TypeEarth.java:7)
	at entity.types.TypeNature.<init>(TypeNature.java:5)
	at entity.types.TypeFire.<init>(TypeFire.java:7)
	at entity.types.TypeWater.<init>(TypeWater.java:8)
	at entity.types.TypeElectric.<init>(TypeElectric.java:7)
	at entity.types.TypeEarth.<init>(TypeEarth.java:7)
	at entity.types.TypeNature.<init>(TypeNature.java:5)
	at entity.types.TypeFire.<init>(TypeFire.java:7)
	at entity.types.TypeWater.<init>(TypeWater.java:8)
	at entity.types.TypeElectric.<init>(TypeElectric.java:7)
	at entity.types.TypeEarth.<init>(TypeEarth.java:7)
	at entity.types.TypeNature.<init>(TypeNature.java:5)
	at entity.types.TypeFire.<init>(TypeFire.java:7)
	at entity.types.TypeWater.<init>(TypeWater.java:8)
	at entity.types.TypeElectric.<init>(TypeElectric.java:7)
	at entity.types.TypeEarth.<init>(TypeEarth.java:7)
	at entity.types.TypeNature.<init>(TypeNature.java:5)
	at entity.types.TypeFire.<init>(TypeFire.java:7)
	at entity.types.TypeWater.<init>(TypeWater.java:8)
	at entity.types.TypeElectric.<init>(TypeElectric.java:7)
	at entity.types.TypeEarth.<init>(TypeEarth.java:7)
	at entity.types.TypeNature.<init>(TypeNature.java:5)
	at entity.types.TypeFire.<init>(TypeFire.java:7)
	at entity.types.TypeWater.<init>(TypeWater.java:8)
	at entity.types.TypeElectric.<init>(TypeElectric.java:7)
	at entity.types.TypeEarth.<init>(TypeEarth.java:7)
	at entity.types.TypeNature.<init>(TypeNature.java:5)
	at entity.types.TypeFire.<init>(TypeFire.java:7)
	at entity.types.TypeWater.<init>(TypeWater.java:8)
	at entity.types.TypeElectric.<init>(TypeElectric.java:7)
	at entity.types.TypeEarth.<init>(TypeEarth.java:7)
	at entity.types.TypeNature.<init>(TypeNature.java:5)
	at entity.types.TypeFire.<init>(TypeFire.java:7)
	at entity.types.TypeWater.<init>(TypeWater.java:8)
	at entity.types.TypeElectric.<init>(TypeElectric.java:7)
	at entity.types.TypeEarth.<init>(TypeEarth.java:7)
	at entity.types.TypeNature.<init>(TypeNature.java:5)
	at entity.types.TypeFire.<init>(TypeFire.java:7)
	at entity.types.TypeWater.<init>(TypeWater.java:8)
	at entity.types.TypeElectric.<init>(TypeElectric.java:7)
	at entity.types.TypeEarth.<init>(TypeEarth.java:7)
	at entity.types.TypeNature.<init>(TypeNature.java:5)
	at entity.types.TypeFire.<init>(TypeFire.java:7)
	at entity.types.TypeWater.<init>(TypeWater.java:8)
	at entity.types.TypeElectric.<init>(TypeElectric.java:7)
	at entity.types.TypeEarth.<init>(TypeEarth.java:7)
	at entity.types.TypeNature.<init>(TypeNature.java:5)
	at entity.types.TypeFire.<init>(TypeFire.java:7)
	at entity.types.TypeWater.<init>(TypeWater.java:8)
	at entity.types.TypeElectric.<init>(TypeElectric.java:7)
	at entity.types.TypeEarth.<init>(TypeEarth.java:7)
	at entity.types.TypeNature.<init>(TypeNature.java:5)
	at entity.types.TypeFire.<init>(TypeFire.java:7)
	at entity.types.TypeWater.<init>(TypeWater.java:8)
	at entity.types.TypeElectric.<init>(TypeElectric.java:7)
	at entity.types.TypeEarth.<init>(TypeEarth.java:7)
	at entity.types.TypeNature.<init>(TypeNature.java:5)
	at entity.types.TypeFire.<init>(TypeFire.java:7)
	at entity.types.TypeWater.<init>(TypeWater.java:8)
	at entity.types.TypeElectric.<init>(TypeElectric.java:7)
	at entity.types.TypeEarth.<init>(TypeEarth.java:7)
	at entity.types.TypeNature.<init>(TypeNature.java:5)
	at entity.types.TypeFire.<init>(TypeFire.java:7)
	at entity.types.TypeWater.<init>(TypeWater.java:8)
	at entity.types.TypeElectric.<init>(TypeElectric.java:7)
	at entity.types.TypeEarth.<init>(TypeEarth.java:7)
	at entity.types.TypeNature.<init>(TypeNature.java:5)
	at entity.types.TypeFire.<init>(TypeFire.java:7)
	at entity.types.TypeWater.<init>(TypeWater.java:8)
	at entity.types.TypeElectric.<init>(TypeElectric.java:7)
	at entity.types.TypeEarth.<init>(TypeEarth.java:7)
	at entity.types.TypeNature.<init>(TypeNature.java:5)
	at entity.types.TypeFire.<init>(TypeFire.java:7)
	at entity.types.TypeWater.<init>(TypeWater.java:8)
	at entity.types.TypeElectric.<init>(TypeElectric.java:7)
	at entity.types.TypeEarth.<init>(TypeEarth.java:7)
	at entity.types.TypeNature.<init>(TypeNature.java:5)
	at entity.types.TypeFire.<init>(TypeFire.java:7)
	at entity.types.TypeWater.<init>(TypeWater.java:8)
	at entity.types.TypeElectric.<init>(TypeElectric.java:7)
	at entity.types.TypeEarth.<init>(TypeEarth.java:7)
	at entity.types.TypeNature.<init>(TypeNature.java:5)
	at entity.types.TypeFire.<init>(TypeFire.java:7)
	at entity.types.TypeWater.<init>(TypeWater.java:8)
	at entity.types.TypeElectric.<init>(TypeElectric.java:7)
	at entity.types.TypeEarth.<init>(TypeEarth.java:7)
	at entity.types.TypeNature.<init>(TypeNature.java:5)
	at entity.types.TypeFire.<init>(TypeFire.java:7)
	at entity.types.TypeWater.<init>(TypeWater.java:8)
	at entity.types.TypeElectric.<init>(TypeElectric.java:7)
	at entity.types.TypeEarth.<init>(TypeEarth.java:7)
	at entity.types.TypeNature.<init>(TypeNature.java:5)
	at entity.types.TypeFire.<init>(TypeFire.java:7)
	at entity.types.TypeWater.<init>(TypeWater.java:8)
	at entity.types.TypeElectric.<init>(TypeElectric.java:7)
	at entity.types.TypeEarth.<init>(TypeEarth.java:7)
	at entity.types.TypeNature.<init>(TypeNature.java:5)
	at entity.types.TypeFire.<init>(TypeFire.java:7)
	at entity.types.TypeWater.<init>(TypeWater.java:8)
	at entity.types.TypeElectric.<init>(TypeElectric.java:7)
	at entity.types.TypeEarth.<init>(TypeEarth.java:7)
	at entity.types.TypeNature.<init>(TypeNature.java:5)
	at entity.types.TypeFire.<init>(TypeFire.java:7)
	at entity.types.TypeWater.<init>(TypeWater.java:8)
	at entity.types.TypeElectric.<init>(TypeElectric.java:7)
	at entity.types.TypeEarth.<init>(TypeEarth.java:7)
	at entity.types.TypeNature.<init>(TypeNature.java:5)
	at entity.types.TypeFire.<init>(TypeFire.java:7)
	at entity.types.TypeWater.<init>(TypeWater.java:8)
	at entity.types.TypeElectric.<init>(TypeElectric.java:7)
	at entity.types.TypeEarth.<init>(TypeEarth.java:7)
	at entity.types.TypeNature.<init>(TypeNature.java:5)
	at entity.types.TypeFire.<init>(TypeFire.java:7)
	at entity.types.TypeWater.<init>(TypeWater.java:8)
	at entity.types.TypeElectric.<init>(TypeElectric.java:7)
	at entity.types.TypeEarth.<init>(TypeEarth.java:7)
	at entity.types.TypeNature.<init>(TypeNature.java:5)
	at entity.types.TypeFire.<init>(TypeFire.java:7)
	at entity.types.TypeWater.<init>(TypeWater.java:8)
	at entity.types.TypeElectric.<init>(TypeElectric.java:7)
	at entity.types.TypeEarth.<init>(TypeEarth.java:7)
	at entity.types.TypeNature.<init>(TypeNature.java:5)
	at entity.types.TypeFire.<init>(TypeFire.java:7)
	at entity.types.TypeWater.<init>(TypeWater.java:8)
	at entity.types.TypeElectric.<init>(TypeElectric.java:7)
	at entity.types.TypeEarth.<init>(TypeEarth.java:7)
	at entity.types.TypeNature.<init>(TypeNature.java:5)
	at entity.types.TypeFire.<init>(TypeFire.java:7)
	at entity.types.TypeWater.<init>(TypeWater.java:8)
	at entity.types.TypeElectric.<init>(TypeElectric.java:7)
	at entity.types.TypeEarth.<init>(TypeEarth.java:7)
	at entity.types.TypeNature.<init>(TypeNature.java:5)
	at entity.types.TypeFire.<init>(TypeFire.java:7)
	at entity.types.TypeWater.<init>(TypeWater.java:8)
	at entity.types.TypeElectric.<init>(TypeElectric.java:7)
	at entity.types.TypeEarth.<init>(TypeEarth.java:7)
	at entity.types.TypeNature.<init>(TypeNature.java:5)
	at entity.types.TypeFire.<init>(TypeFire.java:7)
	at entity.types.TypeWater.<init>(TypeWater.java:8)
	at entity.types.TypeElectric.<init>(TypeElectric.java:7)
	at entity.types.TypeEarth.<init>(TypeEarth.java:7)
	at entity.types.TypeNature.<init>(TypeNature.java:5)
	at entity.types.TypeFire.<init>(TypeFire.java:7)
	at entity.types.TypeWater.<init>(TypeWater.java:8)
	at entity.types.TypeElectric.<init>(TypeElectric.java:7)
	at entity.types.TypeEarth.<init>(TypeEarth.java:7)
	at entity.types.TypeNature.<init>(TypeNature.java:5)
	at entity.types.TypeFire.<init>(TypeFire.java:7)
	at entity.types.TypeWater.<init>(TypeWater.java:8)
	at entity.types.TypeElectric.<init>(TypeElectric.java:7)
	at entity.types.TypeEarth.<init>(TypeEarth.java:7)
	at entity.types.TypeNature.<init>(TypeNature.java:5)
	at entity.types.TypeFire.<init>(TypeFire.java:7)
	at entity.types.TypeWater.<init>(TypeWater.java:8)
	at entity.types.TypeElectric.<init>(TypeElectric.java:7)
	at entity.types.TypeEarth.<init>(TypeEarth.java:7)
	at entity.types.TypeNature.<init>(TypeNature.java:5)
	at entity.types.TypeFire.<init>(TypeFire.java:7)
	at entity.types.TypeWater.<init>(TypeWater.java:8)
	at entity.types.TypeElectric.<init>(TypeElectric.java:7)
	at entity.types.TypeEarth.<init>(TypeEarth.java:7)
	at entity.types.TypeNature.<init>(TypeNature.java:5)
	at entity.types.TypeFire.<init>(TypeFire.java:7)
	at entity.types.TypeWater.<init>(TypeWater.java:8)
	at entity.types.TypeElectric.<init>(TypeElectric.java:7)
	at entity.types.TypeEarth.<init>(TypeEarth.java:7)
	at entity.types.TypeNature.<init>(TypeNature.java:5)
	at entity.types.TypeFire.<init>(TypeFire.java:7)
	at entity.types.TypeWater.<init>(TypeWater.java:8)
	at entity.types.TypeElectric.<init>(TypeElectric.java:7)
	at entity.types.TypeEarth.<init>(TypeEarth.java:7)
	at entity.types.TypeNature.<init>(TypeNature.java:5)
	at entity.types.TypeFire.<init>(TypeFire.java:7)
	at entity.types.TypeWater.<init>(TypeWater.java:8)
	at entity.types.TypeElectric.<init>(TypeElectric.java:7)
	at entity.types.TypeEarth.<init>(TypeEarth.java:7)
	at entity.types.TypeNature.<init>(TypeNature.java:5)
	at entity.types.TypeFire.<init>(TypeFire.java:7)
	at entity.types.TypeWater.<init>(TypeWater.java:8)
	at entity.types.TypeElectric.<init>(TypeElectric.java:7)
	at entity.types.TypeEarth.<init>(TypeEarth.java:7)
	at entity.types.TypeNature.<init>(TypeNature.java:5)
	at entity.types.TypeFire.<init>(TypeFire.java:7)
	at entity.types.TypeWater.<init>(TypeWater.java:8)
	at entity.types.TypeElectric.<init>(TypeElectric.java:7)
	at entity.types.TypeEarth.<init>(TypeEarth.java:7)
	at entity.types.TypeNature.<init>(TypeNature.java:5)
	at entity.types.TypeFire.<init>(TypeFire.java:7)
	at entity.types.TypeWater.<init>(TypeWater.java:8)
	at entity.types.TypeElectric.<init>(TypeElectric.java:7)
	at entity.types.TypeEarth.<init>(TypeEarth.java:7)
	at entity.types.TypeNature.<init>(TypeNature.java:5)
	at entity.types.TypeFire.<init>(TypeFire.java:7)
	at entity.types.TypeWater.<init>(TypeWater.java:8)
	at entity.types.TypeElectric.<init>(TypeElectric.java:7)
	at entity.types.TypeEarth.<init>(TypeEarth.java:7)
	at entity.types.TypeNature.<init>(TypeNature.java:5)
	at entity.types.TypeFire.<init>(TypeFire.java:7)
	at entity.types.TypeWater.<init>(TypeWater.java:8)
	at entity.types.TypeElectric.<init>(TypeElectric.java:7)
	at entity.types.TypeEarth.<init>(TypeEarth.java:7)
	at entity.types.TypeNature.<init>(TypeNature.java:5)
	at entity.types.TypeFire.<init>(TypeFire.java:7)
	at entity.types.TypeWater.<init>(TypeWater.java:8)
	at entity.types.TypeElectric.<init>(TypeElectric.java:7)
	at entity.types.TypeEarth.<init>(TypeEarth.java:7)
	at entity.types.TypeNature.<init>(TypeNature.java:5)
	at entity.types.TypeFire.<init>(TypeFire.java:7)
	at entity.types.TypeWater.<init>(TypeWater.java:8)
	at entity.types.TypeElectric.<init>(TypeElectric.java:7)
	at entity.types.TypeEarth.<init>(TypeEarth.java:7)
	at entity.types.TypeNature.<init>(TypeNature.java:5)
	at entity.types.TypeFire.<init>(TypeFire.java:7)
	at entity.types.TypeWater.<init>(TypeWater.java:8)
	at entity.types.TypeElectric.<init>(TypeElectric.java:7)
	at entity.types.TypeEarth.<init>(TypeEarth.java:7)
	at entity.types.TypeNature.<init>(TypeNature.java:5)
	at entity.types.TypeFire.<init>(TypeFire.java:7)
	at entity.types.TypeWater.<init>(TypeWater.java:8)
	at entity.types.TypeElectric.<init>(TypeElectric.java:7)
	at entity.types.TypeEarth.<init>(TypeEarth.java:7)
	at entity.types.TypeNature.<init>(TypeNature.java:5)
	at entity.types.TypeFire.<init>(TypeFire.java:7)
	at entity.types.TypeWater.<init>(TypeWater.java:8)
	at entity.types.TypeElectric.<init>(TypeElectric.java:7)
	at entity.types.TypeEarth.<init>(TypeEarth.java:7)
	at entity.types.TypeNature.<init>(TypeNature.java:5)
	at entity.types.TypeFire.<init>(TypeFire.java:7)
	at entity.types.TypeWater.<init>(TypeWater.java:8)
	at entity.types.TypeElectric.<init>(TypeElectric.java:7)
	at entity.types.TypeEarth.<init>(TypeEarth.java:7)
	at entity.types.TypeNature.<init>(TypeNature.java:5)
	at entity.types.TypeFire.<init>(TypeFire.java:7)
	at entity.types.TypeWater.<init>(TypeWater.java:8)
	at entity.types.TypeElectric.<init>(TypeElectric.java:7)
	at entity.types.TypeEarth.<init>(TypeEarth.java:7)
	at entity.types.TypeNature.<init>(TypeNature.java:5)
	at entity.types.TypeFire.<init>(TypeFire.java:7)
	at entity.types.TypeWater.<init>(TypeWater.java:8)
	at entity.types.TypeElectric.<init>(TypeElectric.java:7)
	at entity.types.TypeEarth.<init>(TypeEarth.java:7)
	at entity.types.TypeNature.<init>(TypeNature.java:5)
	at entity.types.TypeFire.<init>(TypeFire.java:7)
	at entity.types.TypeWater.<init>(TypeWater.java:8)
	at entity.types.TypeElectric.<init>(TypeElectric.java:7)
	at entity.types.TypeEarth.<init>(TypeEarth.java:7)
	at entity.types.TypeNature.<init>(TypeNature.java:5)
	at entity.types.TypeFire.<init>(TypeFire.java:7)
	at entity.types.TypeWater.<init>(TypeWater.java:8)
	at entity.types.TypeElectric.<init>(TypeElectric.java:7)
	at entity.types.TypeEarth.<init>(TypeEarth.java:7)
	at entity.types.TypeNature.<init>(TypeNature.java:5)
	at entity.types.TypeFire.<init>(TypeFire.java:7)
	at entity.types.TypeWater.<init>(TypeWater.java:8)
	at entity.types.TypeElectric.<init>(TypeElectric.java:7)
	at entity.types.TypeEarth.<init>(TypeEarth.java:7)
	at entity.types.TypeNature.<init>(TypeNature.java:5)
	at entity.types.TypeFire.<init>(TypeFire.java:7)
	at entity.types.TypeWater.<init>(TypeWater.java:8)
	at entity.types.TypeElectric.<init>(TypeElectric.java:7)
	at entity.types.TypeEarth.<init>(TypeEarth.java:7)
	at entity.types.TypeNature.<init>(TypeNature.java:5)
	at entity.types.TypeFire.<init>(TypeFire.java:7)
	at entity.types.TypeWater.<init>(TypeWater.java:8)
	at entity.types.TypeElectric.<init>(TypeElectric.java:7)
	at entity.types.TypeEarth.<init>(TypeEarth.java:7)
	at entity.types.TypeNature.<init>(TypeNature.java:5)
	at entity.types.TypeFire.<init>(TypeFire.java:7)
	at entity.types.TypeWater.<init>(TypeWater.java:8)
	at entity.types.TypeElectric.<init>(TypeElectric.java:7)
	at entity.types.TypeEarth.<init>(TypeEarth.java:7)
	at entity.types.TypeNature.<init>(TypeNature.java:5)
	at entity.types.TypeFire.<init>(TypeFire.java:7)
	at entity.types.TypeWater.<init>(TypeWater.java:8)
	at entity.types.TypeElectric.<init>(TypeElectric.java:7)
	at entity.types.TypeEarth.<init>(TypeEarth.java:7)
	at entity.types.TypeNature.<init>(TypeNature.java:5)
	at entity.types.TypeFire.<init>(TypeFire.java:7)
	at entity.types.TypeWater.<init>(TypeWater.java:8)
	at entity.types.TypeElectric.<init>(TypeElectric.java:7)
	at entity.types.TypeEarth.<init>(TypeEarth.java:7)
	at entity.types.TypeNature.<init>(TypeNature.java:5)
	at entity.types.TypeFire.<init>(TypeFire.java:7)
	at entity.types.TypeWater.<init>(TypeWater.java:8)
	at entity.types.TypeElectric.<init>(TypeElectric.java:7)
	at entity.types.TypeEarth.<init>(TypeEarth.java:7)
	at entity.types.TypeNature.<init>(TypeNature.java:5)
	at entity.types.TypeFire.<init>(TypeFire.java:7)
	at entity.types.TypeWater.<init>(TypeWater.java:8)
	at entity.types.TypeElectric.<init>(TypeElectric.java:7)
	at entity.types.TypeEarth.<init>(TypeEarth.java:7)
	at entity.types.TypeNature.<init>(TypeNature.java:5)
	at entity.types.TypeFire.<init>(TypeFire.java:7)
	at entity.types.TypeWater.<init>(TypeWater.java:8)
	at entity.types.TypeElectric.<init>(TypeElectric.java:7)
	at entity.types.TypeEarth.<init>(TypeEarth.java:7)
	at entity.types.TypeNature.<init>(TypeNature.java:5)
	at entity.types.TypeFire.<init>(TypeFire.java:7)
	at entity.types.TypeWater.<init>(TypeWater.java:8)
	at entity.types.TypeElectric.<init>(TypeElectric.java:7)
	at entity.types.TypeEarth.<init>(TypeEarth.java:7)
	at entity.types.TypeNature.<init>(TypeNature.java:5)
	at entity.types.TypeFire.<init>(TypeFire.java:7)
	at entity.types.TypeWater.<init>(TypeWater.java:8)
	at entity.types.TypeElectric.<init>(TypeElectric.java:7)
	at entity.types.TypeEarth.<init>(TypeEarth.java:7)
	at entity.types.TypeNature.<init>(TypeNature.java:5)
	at entity.types.TypeFire.<init>(TypeFire.java:7)
	at entity.types.TypeWater.<init>(TypeWater.java:8)
	at entity.types.TypeElectric.<init>(TypeElectric.java:7)
	at entity.types.TypeEarth.<init>(TypeEarth.java:7)
	at entity.types.TypeNature.<init>(TypeNature.java:5)
	at entity.types.TypeFire.<init>(TypeFire.java:7)
	at entity.types.TypeWater.<init>(TypeWater.java:8)
	at entity.types.TypeElectric.<init>(TypeElectric.java:7)
	at entity.types.TypeEarth.<init>(TypeEarth.java:7)
	at entity.types.TypeNature.<init>(TypeNature.java:5)
	at entity.types.TypeFire.<init>(TypeFire.java:7)
	at entity.types.TypeWater.<init>(TypeWater.java:8)
	at entity.types.TypeElectric.<init>(TypeElectric.java:7)
	at entity.types.TypeEarth.<init>(TypeEarth.java:7)
	at entity.types.TypeNature.<init>(TypeNature.java:5)
	at entity.types.TypeFire.<init>(TypeFire.java:7)
	at entity.types.TypeWater.<init>(TypeWater.java:8)
	at entity.types.TypeElectric.<init>(TypeElectric.java:7)
	at entity.types.TypeEarth.<init>(TypeEarth.java:7)
	at entity.types.TypeNature.<init>(TypeNature.java:5)
	at entity.types.TypeFire.<init>(TypeFire.java:7)
	at entity.types.TypeWater.<init>(TypeWater.java:8)
	at entity.types.TypeElectric.<init>(TypeElectric.java:7)
	at entity.types.TypeEarth.<init>(TypeEarth.java:7)
	at entity.types.TypeNature.<init>(TypeNature.java:5)
	at entity.types.TypeFire.<init>(TypeFire.java:7)
	at entity.types.TypeWater.<init>(TypeWater.java:8)
	at entity.types.TypeElectric.<init>(TypeElectric.java:7)
	at entity.types.TypeEarth.<init>(TypeEarth.java:7)
	at entity.types.TypeNature.<init>(TypeNature.java:5)
	at entity.types.TypeFire.<init>(TypeFire.java:7)
	at entity.types.TypeWater.<init>(TypeWater.java:8)
	at entity.types.TypeElectric.<init>(TypeElectric.java:7)
	at entity.types.TypeEarth.<init>(TypeEarth.java:7)
	at entity.types.TypeNature.<init>(TypeNature.java:5)
	at entity.types.TypeFire.<init>(TypeFire.java:7)
	at entity.types.TypeWater.<init>(TypeWater.java:8)
	at entity.types.TypeElectric.<init>(TypeElectric.java:7)
	at entity.types.TypeEarth.<init>(TypeEarth.java:7)
	at entity.types.TypeNature.<init>(TypeNature.java:5)
	at entity.types.TypeFire.<init>(TypeFire.java:7)
	at entity.types.TypeWater.<init>(TypeWater.java:8)
	at entity.types.TypeElectric.<init>(TypeElectric.java:7)
	at entity.types.TypeEarth.<init>(TypeEarth.java:7)
	at entity.types.TypeNature.<init>(TypeNature.java:5)
	at entity.types.TypeFire.<init>(TypeFire.java:7)
	at entity.types.TypeWater.<init>(TypeWater.java:8)
	at entity.types.TypeElectric.<init>(TypeElectric.java:7)
	at entity.types.TypeEarth.<init>(TypeEarth.java:7)
	at entity.types.TypeNature.<init>(TypeNature.java:5)
	at entity.types.TypeFire.<init>(TypeFire.java:7)
	at entity.types.TypeWater.<init>(TypeWater.java:8)
	at entity.types.TypeElectric.<init>(TypeElectric.java:7)
	at entity.types.TypeEarth.<init>(TypeEarth.java:7)
	at entity.types.TypeNature.<init>(TypeNature.java:5)
	at entity.types.TypeFire.<init>(TypeFire.java:7)
	at entity.types.TypeWater.<init>(TypeWater.java:8)
	at entity.types.TypeElectric.<init>(TypeElectric.java:7)
	at entity.types.TypeEarth.<init>(TypeEarth.java:7)
	at entity.types.TypeNature.<init>(TypeNature.java:5)
	at entity.types.TypeFire.<init>(TypeFire.java:7)
	at entity.types.TypeWater.<init>(TypeWater.java:8)
	at entity.types.TypeElectric.<init>(TypeElectric.java:7)
	at entity.types.TypeEarth.<init>(TypeEarth.java:7)
	at entity.types.TypeNature.<init>(TypeNature.java:5)
	at entity.types.TypeFire.<init>(TypeFire.java:7)
	at entity.types.TypeWater.<init>(TypeWater.java:8)
	at entity.types.TypeElectric.<init>(TypeElectric.java:7)
	at entity.types.TypeEarth.<init>(TypeEarth.java:7)
	at entity.types.TypeNature.<init>(TypeNature.java:5)
	at entity.types.TypeFire.<init>(TypeFire.java:7)
	at entity.types.TypeWater.<init>(TypeWater.java:8)
	at entity.types.TypeElectric.<init>(TypeElectric.java:7)
	at entity.types.TypeEarth.<init>(TypeEarth.java:7)
	at entity.types.TypeNature.<init>(TypeNature.java:5)
	at entity.types.TypeFire.<init>(TypeFire.java:7)
	at entity.types.TypeWater.<init>(TypeWater.java:8)
	at entity.types.TypeElectric.<init>(TypeElectric.java:7)
	at entity.types.TypeEarth.<init>(TypeEarth.java:7)
	at entity.types.TypeNature.<init>(TypeNature.java:5)
	at entity.types.TypeFire.<init>(TypeFire.java:7)
	at entity.types.TypeWater.<init>(TypeWater.java:8)
	at entity.types.TypeElectric.<init>(TypeElectric.java:7)
	at entity.types.TypeEarth.<init>(TypeEarth.java:7)
	at entity.types.TypeNature.<init>(TypeNature.java:5)
	at entity.types.TypeFire.<init>(TypeFire.java:7)
	at entity.types.TypeWater.<init>(TypeWater.java:8)
	at entity.types.TypeElectric.<init>(TypeElectric.java:7)
	at entity.types.TypeEarth.<init>(TypeEarth.java:7)
	at entity.types.TypeNature.<init>(TypeNature.java:5)
	at entity.types.TypeFire.<init>(TypeFire.java:7)
	at entity.types.TypeWater.<init>(TypeWater.java:8)
	at entity.types.TypeElectric.<init>(TypeElectric.java:7)
	at entity.types.TypeEarth.<init>(TypeEarth.java:7)
	at entity.types.TypeNature.<init>(TypeNature.java:5)
	at entity.types.TypeFire.<init>(TypeFire.java:7)
	at entity.types.TypeWater.<init>(TypeWater.java:8)
	at entity.types.TypeElectric.<init>(TypeElectric.java:7)
	at entity.types.TypeEarth.<init>(TypeEarth.java:7)
	at entity.types.TypeNature.<init>(TypeNature.java:5)
	at entity.types.TypeFire.<init>(TypeFire.java:7)
	at entity.types.TypeWater.<init>(TypeWater.java:8)
	at entity.types.TypeElectric.<init>(TypeElectric.java:7)
	at entity.types.TypeEarth.<init>(TypeEarth.java:7)
	at entity.types.TypeNature.<init>(TypeNature.java:5)
	at entity.types.TypeFire.<init>(TypeFire.java:7)
	at entity.types.TypeWater.<init>(TypeWater.java:8)
	at entity.types.TypeElectric.<init>(TypeElectric.java:7)
	at entity.types.TypeEarth.<init>(TypeEarth.java:7)
	at entity.types.TypeNature.<init>(TypeNature.java:5)
	at entity.types.TypeFire.<init>(TypeFire.java:7)
	at entity.types.TypeWater.<init>(TypeWater.java:8)
	at entity.types.TypeElectric.<init>(TypeElectric.java:7)
	at entity.types.TypeEarth.<init>(TypeEarth.java:7)
	at entity.types.TypeNature.<init>(TypeNature.java:5)
	at entity.types.TypeFire.<init>(TypeFire.java:7)
	at entity.types.TypeWater.<init>(TypeWater.java:8)
	at entity.types.TypeElectric.<init>(TypeElectric.java:7)
	at entity.types.TypeEarth.<init>(TypeEarth.java:7)
	at entity.types.TypeNature.<init>(TypeNature.java:5)
	at entity.types.TypeFire.<init>(TypeFire.java:7)
	at entity.types.TypeWater.<init>(TypeWater.java:8)
	at entity.types.TypeElectric.<init>(TypeElectric.java:7)
	at entity.types.TypeEarth.<init>(TypeEarth.java:7)
	at entity.types.TypeNature.<init>(TypeNature.java:5)
	at entity.types.TypeFire.<init>(TypeFire.java:7)
	at entity.types.TypeWater.<init>(TypeWater.java:8)
	at entity.types.TypeElectric.<init>(TypeElectric.java:7)
	at entity.types.TypeEarth.<init>(TypeEarth.java:7)
	at entity.types.TypeNature.<init>(TypeNature.java:5)
	at entity.types.TypeFire.<init>(TypeFire.java:7)
	at entity.types.TypeWater.<init>(TypeWater.java:8)
	at entity.types.TypeElectric.<init>(TypeElectric.java:7)
	at entity.types.TypeEarth.<init>(TypeEarth.java:7)
	at entity.types.TypeNature.<init>(TypeNature.java:5)
	at entity.types.TypeFire.<init>(TypeFire.java:7)
	at entity.types.TypeWater.<init>(TypeWater.java:8)
	at entity.types.TypeElectric.<init>(TypeElectric.java:7)
	at entity.types.TypeEarth.<init>(TypeEarth.java:7)
	at entity.types.TypeNature.<init>(TypeNature.java:5)
	at entity.types.TypeFire.<init>(TypeFire.java:7)
	at entity.types.TypeWater.<init>(TypeWater.java:8)
	at entity.types.TypeElectric.<init>(TypeElectric.java:7)
	at entity.types.TypeEarth.<init>(TypeEarth.java:7)
	at entity.types.TypeNature.<init>(TypeNature.java:5)
	at entity.types.TypeFire.<init>(TypeFire.java:7)
	at entity.types.TypeWater.<init>(TypeWater.java:8)
	at entity.types.TypeElectric.<init>(TypeElectric.java:7)
	at entity.types.TypeEarth.<init>(TypeEarth.java:7)
	at entity.types.TypeNature.<init>(TypeNature.java:5)
	at entity.types.TypeFire.<init>(TypeFire.java:7)
	at entity.types.TypeWater.<init>(TypeWater.java:8)
	at entity.types.TypeElectric.<init>(TypeElectric.java:7)
	at entity.types.TypeEarth.<init>(TypeEarth.java:7)
